To honour the JVM settings for this build a single-use Daemon process will be forked. For more on this, please refer to https://docs.gradle.org/8.13/userguide/gradle_daemon.html#sec:disabling_the_daemon in the Gradle documentation.
Daemon will be stopped at the end of the build 
> Task :app:checkKotlinGradlePluginConfigurationErrors SKIPPED
> Task :app:preBuild UP-TO-DATE
> Task :app:preDebugBuild UP-TO-DATE
> Task :app:dataBindingMergeDependencyArtifactsDebug UP-TO-DATE
> Task :app:generateDebugResValues UP-TO-DATE
> Task :app:generateDebugResources UP-TO-DATE
> Task :app:processDebugGoogleServices UP-TO-DATE
> Task :app:mergeDebugResources UP-TO-DATE
> Task :app:packageDebugResources UP-TO-DATE
> Task :app:parseDebugLocalResources UP-TO-DATE
> Task :app:dataBindingGenBaseClassesDebug UP-TO-DATE
> Task :app:generateDebugBuildConfig UP-TO-DATE
> Task :app:checkDebugAarMetadata UP-TO-DATE
> Task :app:mapDebugSourceSetPaths UP-TO-DATE
> Task :app:createDebugCompatibleScreenManifests UP-TO-DATE
> Task :app:extractDeepLinksDebug UP-TO-DATE
> Task :app:processDebugMainManifest UP-TO-DATE
> Task :app:processDebugManifest UP-TO-DATE
> Task :app:processDebugManifestForPackage UP-TO-DATE
> Task :app:processDebugResources UP-TO-DATE
> Task :app:kaptGenerateStubsDebugKotlin UP-TO-DATE
> Task :app:kaptDebugKotlin UP-TO-DATE
> Task :app:compileDebugKotlin
.\gradlew : e: file:///C:/Use
rs/mary/AndroidStudioProjects
/FlipWise/app/src/main/java/c
om/flipwise/app/ui/screens/Pr
ofileScreen.kt:250:23 
Unresolved reference 
'launch'.
At line:1 char:1
+ .\gradlew 
compileDebugKotlin 
--no-daemon 2>&1 | 
Tee-Object build_erro ...
+ ~~~~~~~~~~~~~~~~~~~~~~~~~~~
~~~~~~~~~~~~~~~~~~
    + CategoryInfo           
   : NotSpecified: (e: file  
  :///C:/U...rence 'launch   
 '.:String) [], RemoteExc    
eption
    + FullyQualifiedErrorId  
   : NativeCommandError
 
e: file:///C:/Users/mary/Andr
oidStudioProjects/FlipWise/ap
p/src/main/java/com/flipwise/
app/ui/screens/ProfileScreen.
kt:251:31 Suspend function 
'suspend fun 
updateProfile(displayName: 
String, username: String, 
bio: String, avatar: 
String): Unit' should be 
called only from a coroutine 
or another suspend function.

> Task :app:compileDebugKotlin FAILED

[Incubating] Problems report is available at: file:///C:/Users/mary/AndroidStudioProjects/FlipWise/build/reports/problems/problems-report.html

FAILURE: Build failed with 
an exception.

* What went wrong:
Execution failed for task 
':app:compileDebugKotlin'.
> A failure occurred while 
executing org.jetbrains.kotli
n.compilerRunner.GradleCompil
erRunnerWithWorkers$GradleKot
linCompilerWorkAction
   > Compilation error. See 
log for more details

* Try:
> Run with --stacktrace 
option to get the stack 
trace.
> Run with --info or --debug 
option to get more log 
output.
> Run with --scan to get 
full insights.
> Get more help at 
https://help.gradle.org.

Deprecated Gradle features were used in this build, making it incompatible with Gradle 9.0.

You can use '--warning-mode all' to show the individual deprecation warnings and determine if they come from your own scripts or plugins.

For more on this, please refer to https://docs.gradle.org/8.13/userguide/command_line_interface.html#sec:command_line_warnings in the Gradle documentation.

BUILD FAILED in 1m 37s
20 actionable tasks: 1 executed, 19 up-to-date
